---
source: tests/snapshots.rs
expression: "render(\"sample.rst\", 60, ColorDepth::None)"
---
╭─ front matter ───────────────────────────────────────────╮
│ author: mdvw                                             │
╰──────────────────────────────────────────────────────────╯

RST sample
━━━━━━━━━━━━━━━━━━━━━━━━━━━━━━━━━━━━━━━━━━━━━━━━━━━━━━━━━━━━

Overview
────────────────────────────────────────────────────────────

Text with bold, italic, code and a link.

• Item one

• Item two

  ◦ Nested

1. First
2. Second

│ ⚠ Warning
│ Be careful.

╭─ python ─────────────────────────────────────────────────╮
│ def hello():                                             │
│     print("hi")                                          │
╰──────────────────────────────────────────────────────────╯

Literal block:

╭──────────────────────────────────────────────────────────╮
│ plain literal                                            │
╰──────────────────────────────────────────────────────────╯

Grid table:

╭──────┬───────────────────╮
│ Name │ Description       │
├──────┼───────────────────┤
│ mdvw │ | Terminal viewer │
╰──────┴───────────────────╯

╭─────┬────────╮
│ Key │ Action │
├─────┼────────┤
│ q   │ Quit   │
│ ?   │ Help   │
╰─────┴────────╯
