---
source: tests/snapshots.rs
expression: "render(\"sample.md\", 72, ColorDepth::Ansi256)"
---
[38;5;102m╭─[0m[38;5;102m front matter [0m[38;5;102m───────────────────────────────────────────────────────╮[0m
[38;5;102m│ [0m[1;38;5;176mtitle:[0m[38;5;102m Sample document[0m[38;5;102m                                               │[0m
[38;5;102m│ [0m[1;38;5;176mauthor:[0m[38;5;102m mdvw[0m[38;5;102m                                                         │[0m
[38;5;102m╰──────────────────────────────────────────────────────────────────────╯[0m

[1;38;5;75mmdvw — Markdown viewer[0m
[1;38;5;75m━━━━━━━━━━━━━━━━━━━━━━━━━━━━━━━━━━━━━━━━━━━━━━━━━━━━━━━━━━━━━━━━━━━━━━━━[0m

A [1mfast[0m terminal viewer with [3mitalic[0m, [9mstrike[0m, [38;5;180;48;5;235minline code[0m and a ]8;;https://example.com\[4;38;5;75mlink[0m]8;;\. Hard
break here
next line. Footnote reference[38;5;75m[1][0m. Math: [3;38;5;180mE = mc²[0m 🚀

[1;38;5;176mLists[0m
[38;5;176m────────────────────────────────────────────────────────────────────────[0m

[38;5;176m• [0mFirst item
[38;5;176m• [0mSecond item with a long line that should wrap nicely when the terminal
  is narrow enough to require it
  [38;5;176m◦ [0mNested item
    [38;5;176m▪ [0mDeeper item
[38;5;102m☐ [0mTodo task
[38;5;114m☑ [0m[38;5;102mDone task[0m

[38;5;176m1. [0mOne
[38;5;176m2. [0mTwo
[38;5;176m3. [0mTen

[1;38;5;176mCode[0m
[38;5;176m────────────────────────────────────────────────────────────────────────[0m

[38;5;102m╭─[0m[1;38;5;176m rust [0m[38;5;102m───────────────────────────────────────────────────────────────[0m[38;5;102m╮[0m
[38;5;102m│ [0m[38;5;139mfn[0m[38;5;251m [0m[38;5;109mmain[0m[38;5;251m() {[0m[38;5;102m                                                          │[0m
[38;5;102m│ [0m[38;5;251m    println!("[0m[38;5;144mHello, world![0m[38;5;251m");[0m[38;5;102m                                       │[0m
[38;5;102m│ [0m[38;5;251m}[0m[38;5;102m                                                                    │[0m
[38;5;102m╰──────────────────────────────────────────────────────────────────────╯[0m

[38;5;102m╭─[0m[38;5;102m─────────────────────────────────────────────────────────────────────[0m[38;5;102m╮[0m
[38;5;102m│ [0mindented code[38;5;102m                                                        │[0m
[38;5;102m╰──────────────────────────────────────────────────────────────────────╯[0m

[1;38;5;176mTable[0m
[38;5;176m────────────────────────────────────────────────────────────────────────[0m

[38;5;102m╭────────┬─────────────────────────────────┬───────╮[0m
[38;5;102m│[0m [1;38;5;75mName[0m   [38;5;102m│[0m           [1;38;5;75mDescription[0m           [38;5;102m│[0m [1;38;5;75mPrice[0m [38;5;102m│[0m
[38;5;102m├────────┼─────────────────────────────────┼───────┤[0m
[38;5;102m│[0m Apple  [38;5;102m│[0m A red fruit that grows on trees [38;5;102m│[0m $1.20 [38;5;102m│[0m
[38;5;102m│[0m Banana [38;5;102m│[0m             Yellow              [38;5;102m│[0m $0.50 [38;5;102m│[0m
[38;5;102m╰────────┴─────────────────────────────────┴───────╯[0m

[1;38;5;176mQuotes[0m
[38;5;176m────────────────────────────────────────────────────────────────────────[0m

[38;5;102m│ [0m[3;38;5;102mA plain quote with [0m[1mbold[0m[3;38;5;102m text.[0m
[38;5;102m│ [0m
[38;5;102m│ │ [0m[3;38;5;102mNested quote.[0m

[38;5;180m│ [0m[1;38;5;180m⚠ Warning[0m
[38;5;180m│ [0mBe careful with this.

[38;5;114m│ [0m[1;38;5;114m💡 Tip[0m
[38;5;114m│ [0mUseful hint.

[38;5;102m────────────────────────────────────────────────────────────────────────[0m

[1mTerm[0m
[38;5;176m  : [0mDefinition of the term.

[3;38;5;180m    [0m[3;38;5;180m∑ᵢ₌₁ⁿ xᵢ²[0m

[38;5;176m[🖼 Logo][0m Centered HTML

[38;5;176m[🖼 Screenshot][0m

[1;38;5;73m▸ Third level[0m

See [4;38;5;75mother doc[0m and [4;38;5;75mtable section[0m.

[1;38;5;180m▹ Fourth level[0m

[38;5;75m[1] [0mThe footnote text.

[1;38;5;176mDiagram[0m
[38;5;176m────────────────────────────────────────────────────────────────────────[0m

[38;5;102m╭─[0m[1;38;5;176m mermaid [0m[38;5;102m────────────────────────────────────────────────────────────[0m[38;5;102m╮[0m
[38;5;102m│ [0m                      [38;5;176m┌───────┐[0m[38;5;102m                                      │[0m
[38;5;102m│ [0m                      [38;5;176m│[0m Write [38;5;176m│[0m[38;5;102m                                      │[0m
[38;5;102m│ [0m                      [38;5;176m└────┬──┘[0m[38;5;102m                                      │[0m
[38;5;102m│ [0m                           [38;5;176m│[0m[38;5;102m                                         │[0m
[38;5;102m│ [0m                           [38;5;176m│[0m[38;5;102m                                         │[0m
[38;5;102m│ [0m                           [1;38;5;176m▼[0m[38;5;102m                                         │[0m
[38;5;102m│ [0m                     [38;5;176m┌──────────┐[0m[38;5;102m                                    │[0m
[38;5;102m│ [0m                     [38;5;176m│[0m ◇ Review [38;5;176m│[0m[38;5;102m                                    │[0m
[38;5;102m│ [0m                     [38;5;176m└─────┬────┘[0m[38;5;102m                                    │[0m
[38;5;102m│ [0m                           [38;5;176m│[0m[38;5;102m                                         │[0m
[38;5;102m│ [0m                           [38;5;176m│[0m[38;5;102m                                         │[0m
[38;5;102m│ [0m                           [1;38;5;176m▼[0m ok[38;5;102m                                      │[0m
[38;5;102m│ [0m                       [38;5;176m╭──────╮[0m[38;5;102m                                      │[0m
[38;5;102m│ [0m                       [38;5;176m│[0m Ship [38;5;176m│[0m[38;5;102m                                      │[0m
[38;5;102m│ [0m                       [38;5;176m╰──────╯[0m[38;5;102m                                      │[0m
[38;5;102m│ [0m                     [38;5;102m↺[0m Review → Write (changes)[38;5;102m                      │[0m
[38;5;102m╰──────────────────────────────────────────────────────────────────────╯[0m
