---
source: tests/snapshots.rs
expression: "render(\"sample.adoc\", 60, ColorDepth::None)"
---
╭─ front matter ───────────────────────────────────────────╮
│ author: mdvw                                             │
│ toc:                                                     │
╰──────────────────────────────────────────────────────────╯

AsciiDoc sample
━━━━━━━━━━━━━━━━━━━━━━━━━━━━━━━━━━━━━━━━━━━━━━━━━━━━━━━━━━━━

Overview
────────────────────────────────────────────────────────────

Text with bold, italic, code and a link.

• Item one
  ◦ Nested item
☑ Done item

1. First
2. Second

│ ℹ Note
│ This is a note.

╭─ rust ───────────────────────────────────────────────────╮
│ fn main() {                                              │
│     println!("hi");                                      │
│ }                                                        │
╰──────────────────────────────────────────────────────────╯

╭──────┬───────╮
│ Name │ Value │
├──────┼───────┤
│ a    │ 1     │
│ b    │ 2     │
╰──────┴───────╯
